
Allocating common symbols
Common symbol       size              file

iap_entry           0x4               objs/core/rom_helpers.o

Discarded input sections

 .text          0x0000000000000000        0x0 objs/core/watchdog.o
 .data          0x0000000000000000        0x0 objs/core/watchdog.o
 .bss           0x0000000000000000        0x0 objs/core/watchdog.o
 .text.watchdog_feed
                0x0000000000000000       0x14 objs/core/watchdog.o
 .text.watchdog_lock_clk_src
                0x0000000000000000       0x14 objs/core/watchdog.o
 .text.watchdog_lock_clk_src_power
                0x0000000000000000       0x4c objs/core/watchdog.o
 .text.watchdog_lock_timer_val
                0x0000000000000000       0x10 objs/core/watchdog.o
 .text.watchdog_set_timer_val
                0x0000000000000000       0x14 objs/core/watchdog.o
 .text.watchdog_lock_enable
                0x0000000000000000       0x10 objs/core/watchdog.o
 .text.watchdog_lock_full
                0x0000000000000000       0x28 objs/core/watchdog.o
 .text.watchdog_disable_power_down
                0x0000000000000000       0x10 objs/core/watchdog.o
 .text.watchdog_config
                0x0000000000000000      0x130 objs/core/watchdog.o
 .text.stop_watchdog
                0x0000000000000000       0xc4 objs/core/watchdog.o
 .text          0x0000000000000000        0x0 objs/core/rom_helpers.o
 .data          0x0000000000000000        0x0 objs/core/rom_helpers.o
 .bss           0x0000000000000000        0x0 objs/core/rom_helpers.o
 .text.__aeabi_idiv
                0x0000000000000000       0x10 objs/core/rom_helpers.o
 .text.__aeabi_idivmod
                0x0000000000000000       0x20 objs/core/rom_helpers.o
 .text.iap_erase_info_page
                0x0000000000000000       0x3c objs/core/rom_helpers.o
 .text.iap_prepare_flash
                0x0000000000000000       0x28 objs/core/rom_helpers.o
 .text.iap_erase_flash_sectors
                0x0000000000000000       0x3c objs/core/rom_helpers.o
 .text.iap_erase_flash_pages
                0x0000000000000000       0x3c objs/core/rom_helpers.o
 .text.iap_copy_ram_to_flash
                0x0000000000000000       0x44 objs/core/rom_helpers.o
 .text.iap_read_part_id
                0x0000000000000000       0x24 objs/core/rom_helpers.o
 .bss.params    0x0000000000000000       0x14 objs/core/rom_helpers.o
 .bss.results   0x0000000000000000       0x10 objs/core/rom_helpers.o
 .text          0x0000000000000000        0x0 objs/core/pio.o
 .data          0x0000000000000000        0x0 objs/core/pio.o
 .bss           0x0000000000000000        0x0 objs/core/pio.o
 .text          0x0000000000000000        0x0 objs/core/system.o
 .data          0x0000000000000000        0x0 objs/core/system.o
 .bss           0x0000000000000000        0x0 objs/core/system.o
 .text.enter_deep_sleep
                0x0000000000000000       0x38 objs/core/system.o
 .text.Dummy_Clk_Updater
                0x0000000000000000        0x4 objs/core/system.o
 .text.clkout_on
                0x0000000000000000       0x24 objs/core/system.o
 .text.clkout_off
                0x0000000000000000       0x18 objs/core/system.o
 .text.def_msleep
                0x0000000000000000       0x1c objs/core/system.o
 .text.def_usleep
                0x0000000000000000       0x14 objs/core/system.o
 .text          0x0000000000000000        0x0 objs/core/bootstrap.o
 .data          0x0000000000000000        0x0 objs/core/bootstrap.o
 .bss           0x0000000000000000        0x0 objs/core/bootstrap.o
 .text          0x0000000000000000        0x0 objs/core/fault_handlers.o
 .data          0x0000000000000000        0x0 objs/core/fault_handlers.o
 .bss           0x0000000000000000        0x0 objs/core/fault_handlers.o
 .text.Dummy_Fault_Handler
                0x0000000000000000        0x4 objs/core/fault_handlers.o
 .text          0x0000000000000000        0x0 objs/core/systick.o
 .data          0x0000000000000000        0x0 objs/core/systick.o
 .bss           0x0000000000000000        0x0 objs/core/systick.o
 .text.add_systick_callback
                0x0000000000000000       0x34 objs/core/systick.o
 .text.remove_systick_callback
                0x0000000000000000       0x28 objs/core/systick.o
 .text.systick_stop
                0x0000000000000000       0x1c objs/core/systick.o
 .text.systick_reset
                0x0000000000000000       0x24 objs/core/systick.o
 .text.systick_get_timer_val
                0x0000000000000000        0xc objs/core/systick.o
 .text.systick_get_timer_reload_val
                0x0000000000000000        0xc objs/core/systick.o
 .text.is_systick_running
                0x0000000000000000        0xc objs/core/systick.o
 .text.systick_get_tick_ms_period
                0x0000000000000000        0xc objs/core/systick.o
 .text.systick_get_tick_count
                0x0000000000000000        0xc objs/core/systick.o
 .text.systick_get_clock_cycles
                0x0000000000000000       0x14 objs/core/systick.o
 .text.systick_timer_off
                0x0000000000000000       0x28 objs/core/systick.o
 .text.usleep_short
                0x0000000000000000       0x48 objs/core/systick.o
 .text          0x0000000000000000        0x0 objs/core/user_information_block.o
 .data          0x0000000000000000        0x0 objs/core/user_information_block.o
 .bss           0x0000000000000000        0x0 objs/core/user_information_block.o
 .text.get_user_info
                0x0000000000000000        0x8 objs/core/user_information_block.o
 .debug_info    0x0000000000000000       0x8e objs/core/user_information_block.o
 .debug_abbrev  0x0000000000000000       0x5c objs/core/user_information_block.o
 .debug_aranges
                0x0000000000000000       0x20 objs/core/user_information_block.o
 .debug_ranges  0x0000000000000000       0x10 objs/core/user_information_block.o
 .debug_line    0x0000000000000000       0x4e objs/core/user_information_block.o
 .debug_str     0x0000000000000000      0x172 objs/core/user_information_block.o
 .comment       0x0000000000000000       0x39 objs/core/user_information_block.o
 .debug_frame   0x0000000000000000       0x20 objs/core/user_information_block.o
 .ARM.attributes
                0x0000000000000000       0x31 objs/core/user_information_block.o
 .text          0x0000000000000000        0x0 objs/extdrv/status_led.o
 .data          0x0000000000000000        0x0 objs/extdrv/status_led.o
 .bss           0x0000000000000000        0x0 objs/extdrv/status_led.o
 .text.chenillard
                0x0000000000000000       0x2c objs/extdrv/status_led.o
 .rodata.steps  0x0000000000000000        0xc objs/extdrv/status_led.o
 .bss.n.4174    0x0000000000000000        0x4 objs/extdrv/status_led.o
 .text          0x0000000000000000        0x0 objs/extdrv/ncn5120.o
 .data          0x0000000000000000        0x0 objs/extdrv/ncn5120.o
 .bss           0x0000000000000000        0x0 objs/extdrv/ncn5120.o
 .text.reset_event
                0x0000000000000000       0x14 objs/extdrv/ncn5120.o
 .text.save_event
                0x0000000000000000       0x14 objs/extdrv/ncn5120.o
 .text.ncn5120_get_req_reply_data
                0x0000000000000000       0x4c objs/extdrv/ncn5120.o
 .text.ncn5120_handle_rx
                0x0000000000000000       0xf8 objs/extdrv/ncn5120.o
 .text.ncn5120_set_internal_register.part.1
                0x0000000000000000       0x2c objs/extdrv/ncn5120.o
 .text.ncn5120_init
                0x0000000000000000       0x94 objs/extdrv/ncn5120.o
 .text.ncn5120_register_handlers
                0x0000000000000000       0x98 objs/extdrv/ncn5120.o
 .text.ncn5120_watchdog_config
                0x0000000000000000       0x28 objs/extdrv/ncn5120.o
 .text.ncn5120_set_address
                0x0000000000000000       0x88 objs/extdrv/ncn5120.o
 .text.ncn5120_set_number_of_retries
                0x0000000000000000       0x3c objs/extdrv/ncn5120.o
 .text.ncn5120_get_analog_status
                0x0000000000000000       0xb4 objs/extdrv/ncn5120.o
 .text.ncn5120_get_comm_status
                0x0000000000000000       0x80 objs/extdrv/ncn5120.o
 .text.ncn5120_get_system_status
                0x0000000000000000       0xc0 objs/extdrv/ncn5120.o
 .text.ncn5120_reset
                0x0000000000000000       0x64 objs/extdrv/ncn5120.o
 .text.ncn5120_enter_sleep
                0x0000000000000000       0x18 objs/extdrv/ncn5120.o
 .text.ncn5120_set_busy_state
                0x0000000000000000       0x3c objs/extdrv/ncn5120.o
 .text.ncn5120_set_stop_state
                0x0000000000000000       0x7c objs/extdrv/ncn5120.o
 .text.ncn5120_enter_monitor_mode
                0x0000000000000000       0x30 objs/extdrv/ncn5120.o
 .text.ncn5120_packet_acknowledge
                0x0000000000000000       0x50 objs/extdrv/ncn5120.o
 .text.ncn5120_send_packet
                0x0000000000000000      0x184 objs/extdrv/ncn5120.o
 .data.ncn5120  0x0000000000000000      0x144 objs/extdrv/ncn5120.o
 .rodata.str1.4
                0x0000000000000000       0x78 objs/extdrv/ncn5120.o
 .bss.last_byte.4396
                0x0000000000000000        0x8 objs/extdrv/ncn5120.o
 .bss.last_timer_tick.4397
                0x0000000000000000        0x4 objs/extdrv/ncn5120.o
 .debug_info    0x0000000000000000     0x1a2d objs/extdrv/ncn5120.o
 .debug_abbrev  0x0000000000000000      0x3fc objs/extdrv/ncn5120.o
 .debug_loc     0x0000000000000000      0xcb4 objs/extdrv/ncn5120.o
 .debug_aranges
                0x0000000000000000       0xb8 objs/extdrv/ncn5120.o
 .debug_ranges  0x0000000000000000      0x4f0 objs/extdrv/ncn5120.o
 .debug_line    0x0000000000000000      0x60a objs/extdrv/ncn5120.o
 .debug_str     0x0000000000000000      0xcbb objs/extdrv/ncn5120.o
 .comment       0x0000000000000000       0x39 objs/extdrv/ncn5120.o
 .debug_frame   0x0000000000000000      0x264 objs/extdrv/ncn5120.o
 .ARM.attributes
                0x0000000000000000       0x31 objs/extdrv/ncn5120.o
 .text          0x0000000000000000        0x0 objs/extdrv/max31855_thermocouple.o
 .data          0x0000000000000000        0x0 objs/extdrv/max31855_thermocouple.o
 .bss           0x0000000000000000        0x0 objs/extdrv/max31855_thermocouple.o
 .text.max31855_convert_to_centi_degrees
                0x0000000000000000        0xc objs/extdrv/max31855_thermocouple.o
 .text.max31855_sensor_read
                0x0000000000000000       0x98 objs/extdrv/max31855_thermocouple.o
 .text.max31855_sensor_config
                0x0000000000000000       0x10 objs/extdrv/max31855_thermocouple.o
 .debug_info    0x0000000000000000      0x463 objs/extdrv/max31855_thermocouple.o
 .debug_abbrev  0x0000000000000000      0x236 objs/extdrv/max31855_thermocouple.o
 .debug_loc     0x0000000000000000      0x241 objs/extdrv/max31855_thermocouple.o
 .debug_aranges
                0x0000000000000000       0x30 objs/extdrv/max31855_thermocouple.o
 .debug_ranges  0x0000000000000000       0x20 objs/extdrv/max31855_thermocouple.o
 .debug_line    0x0000000000000000      0x169 objs/extdrv/max31855_thermocouple.o
 .debug_str     0x0000000000000000      0x30d objs/extdrv/max31855_thermocouple.o
 .comment       0x0000000000000000       0x39 objs/extdrv/max31855_thermocouple.o
 .debug_frame   0x0000000000000000       0x58 objs/extdrv/max31855_thermocouple.o
 .ARM.attributes
                0x0000000000000000       0x31 objs/extdrv/max31855_thermocouple.o
 .text          0x0000000000000000        0x0 objs/extdrv/lcd_char.o
 .data          0x0000000000000000        0x0 objs/extdrv/lcd_char.o
 .bss           0x0000000000000000        0x0 objs/extdrv/lcd_char.o
 .text.lcdc_write_byte
                0x0000000000000000       0x58 objs/extdrv/lcd_char.o
 .text.lcdc_read_byte
                0x0000000000000000       0x74 objs/extdrv/lcd_char.o
 .text.lcdc_perform_read
                0x0000000000000000       0x5c objs/extdrv/lcd_char.o
 .text.lcdc_perform_write
                0x0000000000000000       0x74 objs/extdrv/lcd_char.o
 .text.lcdc_config
                0x0000000000000000       0x7c objs/extdrv/lcd_char.o
 .text.lcdc_on_off
                0x0000000000000000       0x20 objs/extdrv/lcd_char.o
 .text.lcdc_clear
                0x0000000000000000       0x14 objs/extdrv/lcd_char.o
 .text.lcdc_set_inc_and_shift_mode
                0x0000000000000000       0x1c objs/extdrv/lcd_char.o
 .text.lcdc_move_cursor_home
                0x0000000000000000       0x14 objs/extdrv/lcd_char.o
 .text.lcdc_move_cursor
                0x0000000000000000       0x14 objs/extdrv/lcd_char.o
 .text.lcdc_shift_display
                0x0000000000000000       0x14 objs/extdrv/lcd_char.o
 .text.lcdc_set_cursor_position
                0x0000000000000000       0x3c objs/extdrv/lcd_char.o
 .text.lcdc_get_cursor_position
                0x0000000000000000       0x44 objs/extdrv/lcd_char.o
 .text.lcdc_init
                0x0000000000000000       0xec objs/extdrv/lcd_char.o
 .text.lcdc_write
                0x0000000000000000        0xc objs/extdrv/lcd_char.o
 .text.lcdc_read
                0x0000000000000000        0xc objs/extdrv/lcd_char.o
 .text.lcdc_send_data_line
                0x0000000000000000       0x40 objs/extdrv/lcd_char.o
 .text.create_char
                0x0000000000000000       0x30 objs/extdrv/lcd_char.o
 .rodata        0x0000000000000000       0x10 objs/extdrv/lcd_char.o
 .debug_info    0x0000000000000000      0xf8d objs/extdrv/lcd_char.o
 .debug_abbrev  0x0000000000000000      0x376 objs/extdrv/lcd_char.o
 .debug_loc     0x0000000000000000      0xad3 objs/extdrv/lcd_char.o
 .debug_aranges
                0x0000000000000000       0xa8 objs/extdrv/lcd_char.o
 .debug_ranges  0x0000000000000000      0x130 objs/extdrv/lcd_char.o
 .debug_line    0x0000000000000000      0x354 objs/extdrv/lcd_char.o
 .debug_str     0x0000000000000000      0x4de objs/extdrv/lcd_char.o
 .comment       0x0000000000000000       0x39 objs/extdrv/lcd_char.o
 .debug_frame   0x0000000000000000      0x1f4 objs/extdrv/lcd_char.o
 .ARM.attributes
                0x0000000000000000       0x31 objs/extdrv/lcd_char.o
 .text          0x0000000000000000        0x0 objs/extdrv/cc1101.o
 .data          0x0000000000000000        0x0 objs/extdrv/cc1101.o
 .bss           0x0000000000000000        0x0 objs/extdrv/cc1101.o
 .text.cc1101_spi_transfer
                0x0000000000000000       0x70 objs/extdrv/cc1101.o
 .text.cc1101_reset
                0x0000000000000000       0x10 objs/extdrv/cc1101.o
 .text.cc1101_flush_tx_fifo
                0x0000000000000000       0x1c objs/extdrv/cc1101.o
 .text.cc1101_flush_rx_fifo
                0x0000000000000000       0x1c objs/extdrv/cc1101.o
 .text.cc1101_enter_tx_mode
                0x0000000000000000       0x64 objs/extdrv/cc1101.o
 .text.cc1101_read_status
                0x0000000000000000       0x10 objs/extdrv/cc1101.o
 .text.cc1101_read_pkt_status
                0x0000000000000000       0x10 objs/extdrv/cc1101.o
 .text.cc1101_enter_rx_mode
                0x0000000000000000       0x38 objs/extdrv/cc1101.o
 .text.cc1101_enter_fstxon_state
                0x0000000000000000       0x38 objs/extdrv/cc1101.o
 .text.cc1101_get_signal_strength_indication
                0x0000000000000000       0x18 objs/extdrv/cc1101.o
 .text.cc1101_get_link_quality
                0x0000000000000000       0x10 objs/extdrv/cc1101.o
 .text.cc1101_send_calibration_request
                0x0000000000000000       0x10 objs/extdrv/cc1101.o
 .text.cc1101_rx_fifo_state
                0x0000000000000000       0x3c objs/extdrv/cc1101.o
 .text.cc1101_tx_fifo_state
                0x0000000000000000       0x34 objs/extdrv/cc1101.o
 .text.cc1101_send_packet
                0x0000000000000000       0x2c objs/extdrv/cc1101.o
 .text.cc1101_receive_packet
                0x0000000000000000       0xcc objs/extdrv/cc1101.o
 .text.cc1101_set_address
                0x0000000000000000       0x28 objs/extdrv/cc1101.o
 .text.cc1101_set_channel
                0x0000000000000000       0x28 objs/extdrv/cc1101.o
 .text.cc1101_set_config
                0x0000000000000000       0x28 objs/extdrv/cc1101.o
 .text.cc1101_init
                0x0000000000000000       0x4c objs/extdrv/cc1101.o
 .text.cc1101_config
                0x0000000000000000       0x4c objs/extdrv/cc1101.o
 .text.cc1101_update_config
                0x0000000000000000       0x48 objs/extdrv/cc1101.o
 .text.cc1101_set_patable
                0x0000000000000000       0x18 objs/extdrv/cc1101.o
 .bss.cc1101    0x0000000000000000        0xc objs/extdrv/cc1101.o
 .rodata.rf_init_settings
                0x0000000000000000       0x48 objs/extdrv/cc1101.o
 .debug_info    0x0000000000000000     0x1630 objs/extdrv/cc1101.o
 .debug_abbrev  0x0000000000000000      0x3af objs/extdrv/cc1101.o
 .debug_loc     0x0000000000000000      0x8e8 objs/extdrv/cc1101.o
 .debug_aranges
                0x0000000000000000       0xd0 objs/extdrv/cc1101.o
 .debug_ranges  0x0000000000000000      0x170 objs/extdrv/cc1101.o
 .debug_line    0x0000000000000000      0x414 objs/extdrv/cc1101.o
 .debug_str     0x0000000000000000      0x852 objs/extdrv/cc1101.o
 .comment       0x0000000000000000       0x39 objs/extdrv/cc1101.o
 .debug_frame   0x0000000000000000      0x270 objs/extdrv/cc1101.o
 .ARM.attributes
                0x0000000000000000       0x31 objs/extdrv/cc1101.o
 .text          0x0000000000000000        0x0 objs/extdrv/dht11.o
 .data          0x0000000000000000        0x0 objs/extdrv/dht11.o
 .bss           0x0000000000000000        0x0 objs/extdrv/dht11.o
 .text.dht11_config
                0x0000000000000000       0x1c objs/extdrv/dht11.o
 .text.dht11_display
                0x0000000000000000      0x140 objs/extdrv/dht11.o
 .bss.dht11_gpio
                0x0000000000000000        0x4 objs/extdrv/dht11.o
 .rodata.str1.4
                0x0000000000000000       0x54 objs/extdrv/dht11.o
 .debug_info    0x0000000000000000      0x487 objs/extdrv/dht11.o
 .debug_abbrev  0x0000000000000000      0x1df objs/extdrv/dht11.o
 .debug_loc     0x0000000000000000      0x19f objs/extdrv/dht11.o
 .debug_aranges
                0x0000000000000000       0x28 objs/extdrv/dht11.o
 .debug_ranges  0x0000000000000000       0x18 objs/extdrv/dht11.o
 .debug_line    0x0000000000000000      0x166 objs/extdrv/dht11.o
 .debug_str     0x0000000000000000      0x30a objs/extdrv/dht11.o
 .comment       0x0000000000000000       0x39 objs/extdrv/dht11.o
 .debug_frame   0x0000000000000000       0x54 objs/extdrv/dht11.o
 .ARM.attributes
                0x0000000000000000       0x31 objs/extdrv/dht11.o
 .text          0x0000000000000000        0x0 objs/extdrv/eeprom.o
 .data          0x0000000000000000        0x0 objs/extdrv/eeprom.o
 .bss           0x0000000000000000        0x0 objs/extdrv/eeprom.o
 .text.eeprom_detect
                0x0000000000000000       0x60 objs/extdrv/eeprom.o
 .text.get_eeprom_type
                0x0000000000000000       0x24 objs/extdrv/eeprom.o
 .text.eeprom_read
                0x0000000000000000       0x9c objs/extdrv/eeprom.o
 .text.eeprom_write
                0x0000000000000000      0x138 objs/extdrv/eeprom.o
 .data.eeprom_type.4225
                0x0000000000000000        0x4 objs/extdrv/eeprom.o
 .debug_info    0x0000000000000000      0x5a0 objs/extdrv/eeprom.o
 .debug_abbrev  0x0000000000000000      0x1c7 objs/extdrv/eeprom.o
 .debug_loc     0x0000000000000000      0x499 objs/extdrv/eeprom.o
 .debug_aranges
                0x0000000000000000       0x38 objs/extdrv/eeprom.o
 .debug_ranges  0x0000000000000000       0x78 objs/extdrv/eeprom.o
 .debug_line    0x0000000000000000      0x1a3 objs/extdrv/eeprom.o
 .debug_str     0x0000000000000000      0x2b1 objs/extdrv/eeprom.o
 .comment       0x0000000000000000       0x39 objs/extdrv/eeprom.o
 .debug_frame   0x0000000000000000       0x9c objs/extdrv/eeprom.o
 .ARM.attributes
                0x0000000000000000       0x31 objs/extdrv/eeprom.o
 .text          0x0000000000000000        0x0 objs/extdrv/tmp101_temp_sensor.o
 .data          0x0000000000000000        0x0 objs/extdrv/tmp101_temp_sensor.o
 .bss           0x0000000000000000        0x0 objs/extdrv/tmp101_temp_sensor.o
 .text.tmp101_probe_sensor
                0x0000000000000000       0x30 objs/extdrv/tmp101_temp_sensor.o
 .text.tmp101_convert_to_deci_degrees
                0x0000000000000000        0xc objs/extdrv/tmp101_temp_sensor.o
 .text.tmp101_sensor_read
                0x0000000000000000       0xb0 objs/extdrv/tmp101_temp_sensor.o
 .text.tmp101_sensor_config
                0x0000000000000000       0x4c objs/extdrv/tmp101_temp_sensor.o
 .text.tmp101_sensor_start_conversion
                0x0000000000000000       0x48 objs/extdrv/tmp101_temp_sensor.o
 .debug_info    0x0000000000000000      0x4bd objs/extdrv/tmp101_temp_sensor.o
 .debug_abbrev  0x0000000000000000      0x1e2 objs/extdrv/tmp101_temp_sensor.o
 .debug_loc     0x0000000000000000      0x2c4 objs/extdrv/tmp101_temp_sensor.o
 .debug_aranges
                0x0000000000000000       0x40 objs/extdrv/tmp101_temp_sensor.o
 .debug_ranges  0x0000000000000000       0x30 objs/extdrv/tmp101_temp_sensor.o
 .debug_line    0x0000000000000000      0x19a objs/extdrv/tmp101_temp_sensor.o
 .debug_str     0x0000000000000000      0x347 objs/extdrv/tmp101_temp_sensor.o
 .comment       0x0000000000000000       0x39 objs/extdrv/tmp101_temp_sensor.o
 .debug_frame   0x0000000000000000       0xa4 objs/extdrv/tmp101_temp_sensor.o
 .ARM.attributes
                0x0000000000000000       0x31 objs/extdrv/tmp101_temp_sensor.o
 .text          0x0000000000000000        0x0 objs/extdrv/epaper.o
 .data          0x0000000000000000        0x0 objs/extdrv/epaper.o
 .bss           0x0000000000000000        0x0 objs/extdrv/epaper.o
 .text.epaper_spi_transfer_single_byte_wait
                0x0000000000000000       0x34 objs/extdrv/epaper.o
 .text.epaper_spi_transfer.constprop.0
                0x0000000000000000       0x58 objs/extdrv/epaper.o
 .text.epaper_spi_send
                0x0000000000000000       0x5c objs/extdrv/epaper.o
 .text.epaper_send_data_line
                0x0000000000000000      0x2d8 objs/extdrv/epaper.o
 .text.epaper_config
                0x0000000000000000       0x68 objs/extdrv/epaper.o
 .text.epaper_on
                0x0000000000000000      0x20c objs/extdrv/epaper.o
 .text.epaper_send_frame
                0x0000000000000000       0x50 objs/extdrv/epaper.o
 .text.epaper_send_partial_frame
                0x0000000000000000       0x5c objs/extdrv/epaper.o
 .text.epaper_display
                0x0000000000000000        0x4 objs/extdrv/epaper.o
 .text.epaper_uniform_display
                0x0000000000000000       0x40 objs/extdrv/epaper.o
 .text.epaper_off
                0x0000000000000000      0x168 objs/extdrv/epaper.o
 .bss.epd       0x0000000000000000        0x4 objs/extdrv/epaper.o
 .debug_info    0x0000000000000000     0x1281 objs/extdrv/epaper.o
 .debug_abbrev  0x0000000000000000      0x347 objs/extdrv/epaper.o
 .debug_loc     0x0000000000000000      0x8d6 objs/extdrv/epaper.o
 .debug_aranges
                0x0000000000000000       0x70 objs/extdrv/epaper.o
 .debug_ranges  0x0000000000000000      0x2f0 objs/extdrv/epaper.o
 .debug_line    0x0000000000000000      0x36b objs/extdrv/epaper.o
 .debug_str     0x0000000000000000      0x5c8 objs/extdrv/epaper.o
 .comment       0x0000000000000000       0x39 objs/extdrv/epaper.o
 .debug_frame   0x0000000000000000      0x17c objs/extdrv/epaper.o
 .ARM.attributes
                0x0000000000000000       0x31 objs/extdrv/epaper.o
 .text          0x0000000000000000        0x0 objs/extdrv/ws2812.o
 .data          0x0000000000000000        0x0 objs/extdrv/ws2812.o
 .bss           0x0000000000000000        0x0 objs/extdrv/ws2812.o
 .text.ws2812_clear_buffer
                0x0000000000000000       0x1c objs/extdrv/ws2812.o
 .text          0x0000000000000000        0x0 objs/drivers/ssp.o
 .data          0x0000000000000000        0x0 objs/drivers/ssp.o
 .bss           0x0000000000000000        0x0 objs/drivers/ssp.o
 .text.spi_get_mutex
                0x0000000000000000       0x30 objs/drivers/ssp.o
 .text.spi_release_mutex
                0x0000000000000000       0x18 objs/drivers/ssp.o
 .text.spi_transfer_single_frame
                0x0000000000000000       0x20 objs/drivers/ssp.o
 .text.spi_transfer_multiple_frames
                0x0000000000000000       0xe8 objs/drivers/ssp.o
 .text.ssp_master_on
                0x0000000000000000       0x90 objs/drivers/ssp.o
 .text.ssp_slave_on
                0x0000000000000000       0x8c objs/drivers/ssp.o
 .text.ssp_off  0x0000000000000000       0x38 objs/drivers/ssp.o
 .text          0x0000000000000000        0x0 objs/drivers/gpio.o
 .data          0x0000000000000000        0x0 objs/drivers/gpio.o
 .bss           0x0000000000000000        0x0 objs/drivers/gpio.o
 .text.gpio_off
                0x0000000000000000       0x24 objs/drivers/gpio.o
 .text.remove_gpio_callback
                0x0000000000000000       0x78 objs/drivers/gpio.o
 .text          0x0000000000000000        0x0 objs/drivers/serial.o
 .data          0x0000000000000000        0x0 objs/drivers/serial.o
 .bss           0x0000000000000000        0x0 objs/drivers/serial.o
 .text.serial_send_quickbyte
                0x0000000000000000       0x24 objs/drivers/serial.o
 .text.uart_set_config
                0x0000000000000000       0x20 objs/drivers/serial.o
 .text.uart_set_mode_rs485
                0x0000000000000000       0x40 objs/drivers/serial.o
 .text.uart_set_mode_irda
                0x0000000000000000       0x50 objs/drivers/serial.o
 .text.uart_on  0x0000000000000000       0x78 objs/drivers/serial.o
 .text.uart_off
                0x0000000000000000       0x54 objs/drivers/serial.o
 .rodata.uart_defs
                0x0000000000000000       0x10 objs/drivers/serial.o
 .text          0x0000000000000000        0x0 objs/drivers/timers.o
 .data          0x0000000000000000        0x0 objs/drivers/timers.o
 .bss           0x0000000000000000        0x0 objs/drivers/timers.o
 .text.TIMER_Handler
                0x0000000000000000       0x14 objs/drivers/timers.o
 .text.timer_start
                0x0000000000000000       0x14 objs/drivers/timers.o
 .text.timer_pause
                0x0000000000000000       0x14 objs/drivers/timers.o
 .text.timer_stop
                0x0000000000000000       0x18 objs/drivers/timers.o
 .text.timer_restart
                0x0000000000000000       0x18 objs/drivers/timers.o
 .text.timer_get_capture_val
                0x0000000000000000        0x4 objs/drivers/timers.o
 .text.timer_get_counter_val
                0x0000000000000000       0x18 objs/drivers/timers.o
 .text.timer_set_match
                0x0000000000000000       0x1c objs/drivers/timers.o
 .text.timer_setup
                0x0000000000000000      0x178 objs/drivers/timers.o
 .rodata.timer_setup
                0x0000000000000000       0x14 objs/drivers/timers.o
 .text.timer_on
                0x0000000000000000       0x78 objs/drivers/timers.o
 .text.timer_off
                0x0000000000000000       0x30 objs/drivers/timers.o
 .text          0x0000000000000000        0x0 objs/drivers/rtc.o
 .data          0x0000000000000000        0x0 objs/drivers/rtc.o
 .bss           0x0000000000000000        0x0 objs/drivers/rtc.o
 .text.rtc_get_count
                0x0000000000000000       0x48 objs/drivers/rtc.o
 .text.rtc_clk_src_select
                0x0000000000000000       0x44 objs/drivers/rtc.o
 .text.rtc_on   0x0000000000000000       0x18 objs/drivers/rtc.o
 .text.rtc_ctrl_off
                0x0000000000000000       0x10 objs/drivers/rtc.o
 .text.rtc_disable
                0x0000000000000000       0x24 objs/drivers/rtc.o
 .text.rtc_set_date
                0x0000000000000000        0xc objs/drivers/rtc.o
 .text.rtc_set_match
                0x0000000000000000       0x44 objs/drivers/rtc.o
 .text.setup_callback
                0x0000000000000000       0x40 objs/drivers/rtc.o
 .text.set_rtc_callback
                0x0000000000000000       0x7c objs/drivers/rtc.o
 .text.remove_rtc_callback
                0x0000000000000000       0x24 objs/drivers/rtc.o
 .bss.match_first
                0x0000000000000000        0x4 objs/drivers/rtc.o
 .bss.rtc_start_ok.4165
                0x0000000000000000        0x1 objs/drivers/rtc.o
 .text          0x0000000000000000        0x0 objs/drivers/i2c.o
 .data          0x0000000000000000        0x0 objs/drivers/i2c.o
 .bss           0x0000000000000000        0x0 objs/drivers/i2c.o
 .text.i2c_read
                0x0000000000000000       0x9c objs/drivers/i2c.o
 .text.i2c_write
                0x0000000000000000       0x8c objs/drivers/i2c.o
 .text.i2c_on   0x0000000000000000       0x44 objs/drivers/i2c.o
 .text.i2c_off  0x0000000000000000       0x24 objs/drivers/i2c.o
 .text          0x0000000000000000        0x0 objs/drivers/adc.o
 .data          0x0000000000000000        0x0 objs/drivers/adc.o
 .bss           0x0000000000000000        0x0 objs/drivers/adc.o
 .text.adc_get_value
                0x0000000000000000       0x2c objs/drivers/adc.o
 .text.adc_start_convertion_once
                0x0000000000000000       0x3c objs/drivers/adc.o
 .text.adc_start_burst_conversion
                0x0000000000000000       0x28 objs/drivers/adc.o
 .text.adc_prepare_conversion_on_event
                0x0000000000000000       0x44 objs/drivers/adc.o
 .text.adc_on   0x0000000000000000       0x54 objs/drivers/adc.o
 .text.adc_off  0x0000000000000000       0x30 objs/drivers/adc.o
 .text          0x0000000000000000        0x0 objs/lib/time.o
 .data          0x0000000000000000        0x0 objs/lib/time.o
 .bss           0x0000000000000000        0x0 objs/lib/time.o
 .text.time_track
                0x0000000000000000       0x4c objs/lib/time.o
 .text.set_time
                0x0000000000000000       0x34 objs/lib/time.o
 .text.set_time_and_get_difference
                0x0000000000000000       0xa0 objs/lib/time.o
 .text.time_to_buff_swapped
                0x0000000000000000       0x2c objs/lib/time.o
 .text.get_time
                0x0000000000000000       0x48 objs/lib/time.o
 .text.get_time_in_interrupt
                0x0000000000000000       0x10 objs/lib/time.o
 .text.time_init
                0x0000000000000000       0x20 objs/lib/time.o
 .text.get_time_diff
                0x0000000000000000       0x90 objs/lib/time.o
 .bss.time_lock
                0x0000000000000000        0x4 objs/lib/time.o
 .bss.time_configured
                0x0000000000000000        0x1 objs/lib/time.o
 .bss.time      0x0000000000000000        0x8 objs/lib/time.o
 .debug_info    0x0000000000000000      0x66e objs/lib/time.o
 .debug_abbrev  0x0000000000000000      0x260 objs/lib/time.o
 .debug_loc     0x0000000000000000      0x3e9 objs/lib/time.o
 .debug_aranges
                0x0000000000000000       0x58 objs/lib/time.o
 .debug_ranges  0x0000000000000000       0x60 objs/lib/time.o
 .debug_line    0x0000000000000000      0x2b6 objs/lib/time.o
 .debug_str     0x0000000000000000      0x2f3 objs/lib/time.o
 .comment       0x0000000000000000       0x39 objs/lib/time.o
 .debug_frame   0x0000000000000000       0xb8 objs/lib/time.o
 .ARM.attributes
                0x0000000000000000       0x31 objs/lib/time.o
 .text          0x0000000000000000        0x0 objs/lib/uprintf.o
 .data          0x0000000000000000        0x0 objs/lib/uprintf.o
 .bss           0x0000000000000000        0x0 objs/lib/uprintf.o
 .text.uprintf  0x0000000000000000       0x30 objs/lib/uprintf.o
 .debug_info    0x0000000000000000      0x1c7 objs/lib/uprintf.o
 .debug_abbrev  0x0000000000000000      0x12c objs/lib/uprintf.o
 .debug_loc     0x0000000000000000       0x55 objs/lib/uprintf.o
 .debug_aranges
                0x0000000000000000       0x20 objs/lib/uprintf.o
 .debug_ranges  0x0000000000000000       0x10 objs/lib/uprintf.o
 .debug_line    0x0000000000000000       0xd5 objs/lib/uprintf.o
 .debug_str     0x0000000000000000      0x1cb objs/lib/uprintf.o
 .comment       0x0000000000000000       0x39 objs/lib/uprintf.o
 .debug_frame   0x0000000000000000       0x30 objs/lib/uprintf.o
 .ARM.attributes
                0x0000000000000000       0x31 objs/lib/uprintf.o
 .text          0x0000000000000000        0x0 objs/lib/stdlib.o
 .data          0x0000000000000000        0x0 objs/lib/stdlib.o
 .bss           0x0000000000000000        0x0 objs/lib/stdlib.o
 .text.strtoul  0x0000000000000000       0x58 objs/lib/stdlib.o
 .debug_info    0x0000000000000000       0xcd objs/lib/stdlib.o
 .debug_abbrev  0x0000000000000000       0x89 objs/lib/stdlib.o
 .debug_loc     0x0000000000000000       0xb1 objs/lib/stdlib.o
 .debug_aranges
                0x0000000000000000       0x20 objs/lib/stdlib.o
 .debug_ranges  0x0000000000000000       0x10 objs/lib/stdlib.o
 .debug_line    0x0000000000000000       0x92 objs/lib/stdlib.o
 .debug_str     0x0000000000000000      0x165 objs/lib/stdlib.o
 .comment       0x0000000000000000       0x39 objs/lib/stdlib.o
 .debug_frame   0x0000000000000000       0x28 objs/lib/stdlib.o
 .ARM.attributes
                0x0000000000000000       0x31 objs/lib/stdlib.o
 .text          0x0000000000000000        0x0 objs/lib/string.o
 .data          0x0000000000000000        0x0 objs/lib/string.o
 .bss           0x0000000000000000        0x0 objs/lib/string.o
 .text.strcpy   0x0000000000000000       0x10 objs/lib/string.o
 .text.strncpy  0x0000000000000000       0x18 objs/lib/string.o
 .text.strcmp   0x0000000000000000       0x1c objs/lib/string.o
 .text.strncmp  0x0000000000000000       0x40 objs/lib/string.o
 .text.strchr   0x0000000000000000       0x1c objs/lib/string.o
 .text.strlen   0x0000000000000000       0x18 objs/lib/string.o
 .text.strrchr  0x0000000000000000       0x30 objs/lib/string.o
 .text.strnlen  0x0000000000000000       0x30 objs/lib/string.o
 .text          0x0000000000000000        0x0 objs/lib/font.o
 .data          0x0000000000000000        0x0 objs/lib/font.o
 .bss           0x0000000000000000        0x0 objs/lib/font.o
 .data.font     0x0000000000000000      0x2f8 objs/lib/font.o
 .data.first_font_char
                0x0000000000000000        0x1 objs/lib/font.o
 .debug_info    0x0000000000000000       0xb3 objs/lib/font.o
 .debug_abbrev  0x0000000000000000       0x56 objs/lib/font.o
 .debug_aranges
                0x0000000000000000       0x18 objs/lib/font.o
 .debug_line    0x0000000000000000       0x64 objs/lib/font.o
 .debug_str     0x0000000000000000      0x174 objs/lib/font.o
 .comment       0x0000000000000000       0x39 objs/lib/font.o
 .ARM.attributes
                0x0000000000000000       0x31 objs/lib/font.o
 .text          0x0000000000000000        0x0 objs/lib/vsprintf.o
 .data          0x0000000000000000        0x0 objs/lib/vsprintf.o
 .bss           0x0000000000000000        0x0 objs/lib/vsprintf.o
 .text.convert  0x0000000000000000      0x16c objs/lib/vsprintf.o
 .text.vsnprintf
                0x0000000000000000      0x1ac objs/lib/vsprintf.o
 .rodata.vsnprintf
                0x0000000000000000       0xc8 objs/lib/vsprintf.o
 .text.snprintf
                0x0000000000000000       0x18 objs/lib/vsprintf.o
 .rodata.digits.3698
                0x0000000000000000       0x10 objs/lib/vsprintf.o
 .debug_info    0x0000000000000000      0x351 objs/lib/vsprintf.o
 .debug_abbrev  0x0000000000000000      0x182 objs/lib/vsprintf.o
 .debug_loc     0x0000000000000000      0x789 objs/lib/vsprintf.o
 .debug_aranges
                0x0000000000000000       0x30 objs/lib/vsprintf.o
 .debug_ranges  0x0000000000000000       0xb0 objs/lib/vsprintf.o
 .debug_line    0x0000000000000000      0x1bd objs/lib/vsprintf.o
 .debug_str     0x0000000000000000      0x1ed objs/lib/vsprintf.o
 .comment       0x0000000000000000       0x39 objs/lib/vsprintf.o
 .debug_frame   0x0000000000000000       0x84 objs/lib/vsprintf.o
 .ARM.attributes
                0x0000000000000000       0x31 objs/lib/vsprintf.o
 .text          0x0000000000000000        0x0 objs/lib/utils.o
 .data          0x0000000000000000        0x0 objs/lib/utils.o
 .bss           0x0000000000000000        0x0 objs/lib/utils.o
 .text.clz      0x0000000000000000       0x34 objs/lib/utils.o
 .text.ctz      0x0000000000000000       0x3c objs/lib/utils.o
 .rodata.bval.3658
                0x0000000000000000       0x10 objs/lib/utils.o
 .rodata.bval.3663
                0x0000000000000000       0x10 objs/lib/utils.o
 .debug_info    0x0000000000000000      0x12d objs/lib/utils.o
 .debug_abbrev  0x0000000000000000       0x99 objs/lib/utils.o
 .debug_loc     0x0000000000000000       0xa9 objs/lib/utils.o
 .debug_aranges
                0x0000000000000000       0x28 objs/lib/utils.o
 .debug_ranges  0x0000000000000000       0x18 objs/lib/utils.o
 .debug_line    0x0000000000000000       0xa0 objs/lib/utils.o
 .debug_str     0x0000000000000000      0x165 objs/lib/utils.o
 .comment       0x0000000000000000       0x39 objs/lib/utils.o
 .debug_frame   0x0000000000000000       0x30 objs/lib/utils.o
 .ARM.attributes
                0x0000000000000000       0x31 objs/lib/utils.o
 .text          0x0000000000000000        0x0 objs/lib/protocols/dtplug/slave.o
 .data          0x0000000000000000        0x0 objs/lib/protocols/dtplug/slave.o
 .bss           0x0000000000000000        0x0 objs/lib/protocols/dtplug/slave.o
 .text.dtplug_protocol_decode
                0x0000000000000000      0x134 objs/lib/protocols/dtplug/slave.o
 .text.dtplug_protocol_decoder_1
                0x0000000000000000       0x14 objs/lib/protocols/dtplug/slave.o
 .text.dtplug_protocol_decoder_0
                0x0000000000000000       0x14 objs/lib/protocols/dtplug/slave.o
 .text.dtplug_protocol_set_dtplug_comm_uart
                0x0000000000000000       0x48 objs/lib/protocols/dtplug/slave.o
 .text.dtplug_protocol_release_old_packet
                0x0000000000000000       0x10 objs/lib/protocols/dtplug/slave.o
 .text.dtplug_protocol_add_error_to_list
                0x0000000000000000       0x30 objs/lib/protocols/dtplug/slave.o
 .text.dtplug_protocol_send_reply
                0x0000000000000000      0x248 objs/lib/protocols/dtplug/slave.o
 .text.dtplug_protocol_common_handles
                0x0000000000000000      0x1c4 objs/lib/protocols/dtplug/slave.o
 .rodata.dtplug_protocol_common_handles
                0x0000000000000000       0x20 objs/lib/protocols/dtplug/slave.o
 .text.dtplug_protocol_get_next_packet_ok
                0x0000000000000000       0x1c objs/lib/protocols/dtplug/slave.o
 .bss.rx_ptr.4364
                0x0000000000000000        0x1 objs/lib/protocols/dtplug/slave.o
 .bss.dtpp_handles
                0x0000000000000000        0x8 objs/lib/protocols/dtplug/slave.o
 .bss.full_size.4366
                0x0000000000000000        0x1 objs/lib/protocols/dtplug/slave.o
 .bss.sum.4365  0x0000000000000000        0x1 objs/lib/protocols/dtplug/slave.o
 .bss.info.4367
                0x0000000000000000        0x4 objs/lib/protocols/dtplug/slave.o
 .debug_info    0x0000000000000000      0xf9f objs/lib/protocols/dtplug/slave.o
 .debug_abbrev  0x0000000000000000      0x3ae objs/lib/protocols/dtplug/slave.o
 .debug_loc     0x0000000000000000      0xf5e objs/lib/protocols/dtplug/slave.o
 .debug_aranges
                0x0000000000000000       0x60 objs/lib/protocols/dtplug/slave.o
 .debug_ranges  0x0000000000000000       0xe8 objs/lib/protocols/dtplug/slave.o
 .debug_line    0x0000000000000000      0x3ee objs/lib/protocols/dtplug/slave.o
 .debug_str     0x0000000000000000      0x935 objs/lib/protocols/dtplug/slave.o
 .comment       0x0000000000000000       0x39 objs/lib/protocols/dtplug/slave.o
 .debug_frame   0x0000000000000000      0x114 objs/lib/protocols/dtplug/slave.o
 .ARM.attributes
                0x0000000000000000       0x31 objs/lib/protocols/dtplug/slave.o
 .text          0x0000000000000000        0x0 objs/apps/base/ws2812b/main.o
 .data          0x0000000000000000        0x0 objs/apps/base/ws2812b/main.o
 .bss           0x0000000000000000        0x0 objs/apps/base/ws2812b/main.o

Memory Configuration

Name             Origin             Length             Attributes
sram             0x0000000010000000 0x0000000000001000 xrw
flash            0x0000000000000000 0x0000000000008000 xr
info             0x0000000000040200 0x0000000000000600 xr
*default*        0x0000000000000000 0xffffffffffffffff

Linker script and memory map

LOAD objs/core/watchdog.o
LOAD objs/core/rom_helpers.o
LOAD objs/core/pio.o
LOAD objs/core/system.o
LOAD objs/core/bootstrap.o
LOAD objs/core/fault_handlers.o
LOAD objs/core/systick.o
LOAD objs/core/user_information_block.o
LOAD objs/extdrv/status_led.o
LOAD objs/extdrv/ncn5120.o
LOAD objs/extdrv/max31855_thermocouple.o
LOAD objs/extdrv/lcd_char.o
LOAD objs/extdrv/cc1101.o
LOAD objs/extdrv/dht11.o
LOAD objs/extdrv/eeprom.o
LOAD objs/extdrv/tmp101_temp_sensor.o
LOAD objs/extdrv/epaper.o
LOAD objs/extdrv/ws2812.o
LOAD objs/drivers/ssp.o
LOAD objs/drivers/gpio.o
LOAD objs/drivers/serial.o
LOAD objs/drivers/timers.o
LOAD objs/drivers/rtc.o
LOAD objs/drivers/i2c.o
LOAD objs/drivers/adc.o
LOAD objs/lib/time.o
LOAD objs/lib/uprintf.o
LOAD objs/lib/stdlib.o
LOAD objs/lib/string.o
LOAD objs/lib/font.o
LOAD objs/lib/vsprintf.o
LOAD objs/lib/utils.o
LOAD objs/lib/protocols/dtplug/slave.o
LOAD objs/apps/base/ws2812b/main.o
                0x0000000000001000                _sram_size = 0x1000
                0x0000000010000000                _sram_base = 0x10000000
                0x0000000010000fe0                _end_stack = ((_sram_base + _sram_size) - 0x20)
                0x0000000000040200                _start_info = 0x40200
                0x0000000000040800                _end_info = (_start_info + 0x600)
                0x0000000000000000                . = ORIGIN (flash)

.text           0x0000000000000000     0x18f8
 FILL mask 0xff
 *(.vectors)
 .vectors       0x0000000000000000       0xc0 objs/core/bootstrap.o
                0x0000000000000000                vector_table
 *(.text.Reset_Handler .text.SystemInit)
 .text.Reset_Handler
                0x00000000000000c0       0x60 objs/core/bootstrap.o
                0x00000000000000c0                Reset_Handler
                0x00000000000002fc                . = 0x2fc
 *fill*         0x0000000000000120      0x1dc ff
 *(.crp)
 *(.text*)
 .text.WDT_Handler
                0x00000000000002fc       0x10 objs/core/watchdog.o
                0x00000000000002fc                WDT_Handler
 .text.startup_watchdog_disable
                0x000000000000030c       0x4c objs/core/watchdog.o
                0x000000000000030c                startup_watchdog_disable
 .text.__aeabi_uidiv
                0x0000000000000358       0x10 objs/core/rom_helpers.o
                0x0000000000000358                __aeabi_uidiv
 .text.__aeabi_uidivmod
                0x0000000000000368       0x20 objs/core/rom_helpers.o
                0x0000000000000368                __aeabi_uidivmod
 .text.rom_helpers_init
                0x0000000000000388       0x20 objs/core/rom_helpers.o
                0x0000000000000388                rom_helpers_init
 .text.pio_copy
                0x00000000000003a8       0x18 objs/core/pio.o
                0x00000000000003a8                pio_copy
 .text.config_pio
                0x00000000000003c0       0x60 objs/core/pio.o
                0x00000000000003c0                config_pio
 .text.set_pins
                0x0000000000000420       0x1c objs/core/pio.o
                0x0000000000000420                set_pins
 .text.system_brown_out_detection_config
                0x000000000000043c       0x34 objs/core/system.o
                0x000000000000043c                system_brown_out_detection_config
 .text.system_set_default_power_state
                0x0000000000000470       0x10 objs/core/system.o
                0x0000000000000470                system_set_default_power_state
 .text.subsystem_power
                0x0000000000000480       0x20 objs/core/system.o
                0x0000000000000480                subsystem_power
 .text.get_main_clock
                0x00000000000004a0        0xc objs/core/system.o
                0x00000000000004a0                get_main_clock
 .text.clock_config
                0x00000000000004ac       0xec objs/core/system.o
                0x00000000000004ac                clock_config
 .text.io_config_clk_on
                0x0000000000000598       0x14 objs/core/system.o
                0x0000000000000598                io_config_clk_on
 .text.io_config_clk_off
                0x00000000000005ac       0x18 objs/core/system.o
                0x00000000000005ac                io_config_clk_off
 .text.Dummy_Handler
                0x00000000000005c4        0x4 objs/core/bootstrap.o
                0x00000000000005c4                DMA_Handler
                0x00000000000005c4                BOD_Handler
                0x00000000000005c4                Dummy_Handler
                0x00000000000005c4                WAKEUP_Handler
                0x00000000000005c4                Comparator_Handler
 .text.NMI_Handler
                0x00000000000005c8       0x10 objs/core/fault_handlers.o
                0x00000000000005c8                NMI_Handler
 .text.HardFault_Handler
                0x00000000000005d8       0x10 objs/core/fault_handlers.o
                0x00000000000005d8                HardFault_Handler
 .text.SVC_Handler
                0x00000000000005e8       0x10 objs/core/fault_handlers.o
                0x00000000000005e8                SVC_Handler
 .text.PendSV_Handler
                0x00000000000005f8       0x10 objs/core/fault_handlers.o
                0x00000000000005f8                PendSV_Handler
 .text.SysTick_Handler
                0x0000000000000608       0x6c objs/core/systick.o
                0x0000000000000608                SysTick_Handler
 .text.systick_start
                0x0000000000000674       0x34 objs/core/systick.o
                0x0000000000000674                systick_start
 .text.systick_timer_on
                0x00000000000006a8       0x90 objs/core/systick.o
                0x00000000000006a8                systick_timer_on
 .text.msleep   0x0000000000000738       0x7c objs/core/systick.o
                0x0000000000000738                msleep
 .text.usleep   0x00000000000007b4       0xb8 objs/core/systick.o
                0x00000000000007b4                usleep
 .text.status_led_config
                0x000000000000086c       0x3c objs/extdrv/status_led.o
                0x000000000000086c                status_led_config
 .text.status_led
                0x00000000000008a8       0xcc objs/extdrv/status_led.o
                0x00000000000008a8                status_led
 .text.ws2812_config
                0x0000000000000974       0x34 objs/extdrv/ws2812.o
                0x0000000000000974                ws2812_config
 .text.ws2812_send_frame
                0x00000000000009a8       0xd8 objs/extdrv/ws2812.o
                0x00000000000009a8                ws2812_send_frame
 .text.ws2812_set_pixel
                0x0000000000000a80       0x34 objs/extdrv/ws2812.o
                0x0000000000000a80                ws2812_set_pixel
 .text.ws2812_clear
                0x0000000000000ab4       0x24 objs/extdrv/ws2812.o
                0x0000000000000ab4                ws2812_stop
                0x0000000000000ab4                ws2812_clear
 .text.SSP_0_Handler
                0x0000000000000ad8       0x2c objs/drivers/ssp.o
                0x0000000000000ad8                SSP_0_Handler
 .text.ssp_clk_on
                0x0000000000000b04       0x74 objs/drivers/ssp.o
                0x0000000000000b04                ssp_clk_on
 .text.ssp_clk_update
                0x0000000000000b78       0x18 objs/drivers/ssp.o
                0x0000000000000b78                ssp_clk_update
 .text.gpio_on  0x0000000000000b90       0x18 objs/drivers/gpio.o
                0x0000000000000b90                gpio_on
 .text.config_gpio
                0x0000000000000ba8       0x50 objs/drivers/gpio.o
                0x0000000000000ba8                config_gpio
 .text.set_gpio_callback
                0x0000000000000bf8      0x124 objs/drivers/gpio.o
                0x0000000000000bf8                set_gpio_callback
 .text.PIO_0_Handler
                0x0000000000000d1c       0x48 objs/drivers/gpio.o
                0x0000000000000d1c                PIO_0_Handler
 .text.PIO_1_Handler
                0x0000000000000d64       0x48 objs/drivers/gpio.o
                0x0000000000000d64                PIO_1_Handler
 .text.PIO_2_Handler
                0x0000000000000dac       0x48 objs/drivers/gpio.o
                0x0000000000000dac                PIO_2_Handler
 .text.uart_clk_on
                0x0000000000000df4       0xbc objs/drivers/serial.o
 .text.uart_check_tx
                0x0000000000000eb0       0x3c objs/drivers/serial.o
 .text.UART_Handler
                0x0000000000000eec       0x34 objs/drivers/serial.o
 .text.UART_0_Handler
                0x0000000000000f20       0x10 objs/drivers/serial.o
                0x0000000000000f20                UART_0_Handler
 .text.UART_1_Handler
                0x0000000000000f30       0x10 objs/drivers/serial.o
                0x0000000000000f30                UART_1_Handler
 .text.serial_write
                0x0000000000000f40       0xbc objs/drivers/serial.o
                0x0000000000000f40                serial_write
 .text.serial_flush
                0x0000000000000ffc       0x3c objs/drivers/serial.o
                0x0000000000000ffc                serial_flush
 .text.uart_clk_update
                0x0000000000001038       0x30 objs/drivers/serial.o
                0x0000000000001038                uart_clk_update
 .text.TIMER_0_Handler
                0x0000000000001068       0x18 objs/drivers/timers.o
                0x0000000000001068                TIMER_0_Handler
 .text.TIMER_1_Handler
                0x0000000000001080       0x18 objs/drivers/timers.o
                0x0000000000001080                TIMER_1_Handler
 .text.TIMER_2_Handler
                0x0000000000001098       0x18 objs/drivers/timers.o
                0x0000000000001098                TIMER_2_Handler
 .text.TIMER_3_Handler
                0x00000000000010b0       0x18 objs/drivers/timers.o
                0x00000000000010b0                TIMER_3_Handler
 .text.RTC_Handler
                0x00000000000010c8       0x3c objs/drivers/rtc.o
                0x00000000000010c8                RTC_Handler
 .text.i2c_clock_on
                0x0000000000001104       0x20 objs/drivers/i2c.o
 .text.I2C_0_Handler
                0x0000000000001124      0x18c objs/drivers/i2c.o
                0x0000000000001124                I2C_0_Handler
 .text.i2c_clock_update
                0x00000000000012b0       0x18 objs/drivers/i2c.o
                0x00000000000012b0                i2c_clock_update
 .text.ADC_Handler
                0x00000000000012c8        0x4 objs/drivers/adc.o
                0x00000000000012c8                ADC_Handler
 .text.adc_clk_update
                0x00000000000012cc       0x24 objs/drivers/adc.o
                0x00000000000012cc                adc_clk_update
 .text.memcpy   0x00000000000012f0       0x48 objs/lib/string.o
                0x00000000000012f0                memcpy
 .text.memset   0x0000000000001338       0x4c objs/lib/string.o
                0x0000000000001338                memset
 .text.button_request
                0x0000000000001384       0x10 objs/apps/base/ws2812b/main.o
                0x0000000000001384                button_request
 .text.system_init
                0x0000000000001394       0x40 objs/apps/base/ws2812b/main.o
                0x0000000000001394                system_init
 .text.fault_info
                0x00000000000013d4       0x18 objs/apps/base/ws2812b/main.o
                0x00000000000013d4                fault_info
 .text.mode_red
                0x00000000000013ec       0x24 objs/apps/base/ws2812b/main.o
                0x00000000000013ec                mode_red
 .text.mode_green
                0x0000000000001410       0x24 objs/apps/base/ws2812b/main.o
                0x0000000000001410                mode_green
 .text.mode_blue
                0x0000000000001434       0x24 objs/apps/base/ws2812b/main.o
                0x0000000000001434                mode_blue
 .text.mode_yellow
                0x0000000000001458       0x24 objs/apps/base/ws2812b/main.o
                0x0000000000001458                mode_yellow
 .text.mode_purple
                0x000000000000147c       0x24 objs/apps/base/ws2812b/main.o
                0x000000000000147c                mode_purple
 .text.mode_cyan
                0x00000000000014a0       0x24 objs/apps/base/ws2812b/main.o
                0x00000000000014a0                mode_cyan
 .text.mode_white
                0x00000000000014c4       0x24 objs/apps/base/ws2812b/main.o
                0x00000000000014c4                mode_white
 .text.mode_fade_green
                0x00000000000014e8       0x2c objs/apps/base/ws2812b/main.o
                0x00000000000014e8                mode_fade_green
 .text.mode_nothing
                0x0000000000001514       0x34 objs/apps/base/ws2812b/main.o
                0x0000000000001514                mode_nothing
 .text.startup.main
                0x0000000000001548       0x8c objs/apps/base/ws2812b/main.o
                0x0000000000001548                main
 *(.rodata*)
 .rodata.pio_regs_handles_port0
                0x00000000000015d4       0x80 objs/core/pio.o
 .rodata.pio_regs_handles_port1
                0x0000000000001654       0x1c objs/core/pio.o
 .rodata.pio_regs_handles_port2
                0x0000000000001670       0x40 objs/core/pio.o
 .rodata.__FUNCTION__.3925
                0x00000000000016b0        0xc objs/core/fault_handlers.o
 .rodata.__FUNCTION__.3933
                0x00000000000016bc        0xc objs/core/fault_handlers.o
 .rodata.__FUNCTION__.3929
                0x00000000000016c8       0x14 objs/core/fault_handlers.o
 .rodata.__FUNCTION__.3937
                0x00000000000016dc       0x10 objs/core/fault_handlers.o
 .rodata.status_led
                0x00000000000016ec       0x2c objs/extdrv/status_led.o
 .rodata.set_gpio_callback
                0x0000000000001718       0x14 objs/drivers/gpio.o
 .rodata.uart_clk_table
                0x000000000000172c       0x18 objs/drivers/serial.o
 .rodata.I2C_0_Handler
                0x0000000000001744      0x164 objs/drivers/i2c.o
 .rodata.main   0x00000000000018a8       0x20 objs/apps/base/ws2812b/main.o
 .rodata.button
                0x00000000000018c8        0x4 objs/apps/base/ws2812b/main.o
                0x00000000000018c8                button
 .rodata.common_pins
                0x00000000000018cc       0x20 objs/apps/base/ws2812b/main.o
                0x00000000000018cc                common_pins
 .rodata.status_led_green
                0x00000000000018ec        0x4 objs/apps/base/ws2812b/main.o
                0x00000000000018ec                status_led_green
 .rodata.status_led_red
                0x00000000000018f0        0x4 objs/apps/base/ws2812b/main.o
                0x00000000000018f0                status_led_red
 .rodata.ws2812_data_out_pin
                0x00000000000018f4        0x4 objs/apps/base/ws2812b/main.o
                0x00000000000018f4                ws2812_data_out_pin
 *(.got*)
                0x00000000000018f8                _end_text = .

.glue_7         0x00000000000018f8        0x0
 .glue_7        0x00000000000018f8        0x0 linker stubs

.glue_7t        0x00000000000018f8        0x0
 .glue_7t       0x00000000000018f8        0x0 linker stubs

.vfp11_veneer   0x00000000000018f8        0x0
 .vfp11_veneer  0x00000000000018f8        0x0 linker stubs

.v4_bx          0x00000000000018f8        0x0
 .v4_bx         0x00000000000018f8        0x0 linker stubs

.iplt           0x00000000000018f8        0x0
 .iplt          0x00000000000018f8        0x0 objs/core/watchdog.o

.rel.dyn        0x00000000000018f8        0x0
 .rel.iplt      0x00000000000018f8        0x0 objs/core/watchdog.o
                0x00000000000018f8                . = ALIGN (0x4)

.data           0x0000000010000000      0x184 load address 0x00000000000018f8
                0x0000000010000000                _start_data = .
 *(.data*)
 .data.lpc_private
                0x0000000010000000        0x8 objs/core/system.o
 .data.red_led  0x0000000010000008        0x4 objs/extdrv/status_led.o
                0x0000000010000008                red_led
 .data.green_led
                0x000000001000000c        0x4 objs/extdrv/status_led.o
                0x000000001000000c                green_led
 .data.ssps     0x0000000010000010       0x24 objs/drivers/ssp.o
 .data.uarts    0x0000000010000034      0x110 objs/drivers/serial.o
 .data.timer_devices
                0x0000000010000144       0x40 objs/drivers/timers.o
                0x0000000010000184                _end_data = .

.igot.plt       0x0000000010000184        0x0 load address 0x0000000000001a7c
 .igot.plt      0x0000000010000184        0x0 objs/core/watchdog.o
                0x0000000010000184                . = ALIGN (0x4)

.bss            0x0000000010000184      0x22c load address 0x0000000000001a7c
                0x0000000010000184                _start_bss = .
 *(.bss*)
 .bss.rom_div_helpers
                0x0000000010000184        0x4 objs/core/rom_helpers.o
 .bss.global_wrapping_system_clock_cycles
                0x0000000010000188        0x4 objs/core/systick.o
 .bss.tick_ms   0x000000001000018c        0x4 objs/core/systick.o
 .bss.tick_reload
                0x0000000010000190        0x4 objs/core/systick.o
 .bss.usleep_us_count
                0x0000000010000194        0x4 objs/core/systick.o
 .bss.sleep_count
                0x0000000010000198        0x4 objs/core/systick.o
 .bss.global_wrapping_system_ticks
                0x000000001000019c        0x4 objs/core/systick.o
 .bss.systick_running
                0x00000000100001a0        0x4 objs/core/systick.o
 .bss.cbs       0x00000000100001a4       0x20 objs/core/systick.o
 .bss.led_data  0x00000000100001c4       0xb4 objs/extdrv/ws2812.o
 .bss.nb_bytes  0x0000000010000278        0x4 objs/extdrv/ws2812.o
 .bss.max_led   0x000000001000027c        0x2 objs/extdrv/ws2812.o
 *fill*         0x000000001000027e        0x2 
 .bss.ws2812_gpio
                0x0000000010000280        0x4 objs/extdrv/ws2812.o
 .bss.gpio_callbacks_port0
                0x0000000010000284       0x80 objs/drivers/gpio.o
 .bss.gpio_callbacks_port1
                0x0000000010000304       0x1c objs/drivers/gpio.o
 .bss.gpio_callbacks_port2
                0x0000000010000320       0x40 objs/drivers/gpio.o
 .bss.rtc_callback
                0x0000000010000360        0x4 objs/drivers/rtc.o
 .bss.periodic_match
                0x0000000010000364        0x1 objs/drivers/rtc.o
 *fill*         0x0000000010000365        0x3 
 .bss.rtc_match_period
                0x0000000010000368        0x4 objs/drivers/rtc.o
 .bss.mod_i2c   0x000000001000036c       0x3c objs/drivers/i2c.o
 .bss.new_mode  0x00000000100003a8        0x1 objs/apps/base/ws2812b/main.o
 *(COMMON)
 *fill*         0x00000000100003a9        0x3 
 COMMON         0x00000000100003ac        0x4 objs/core/rom_helpers.o
                0x00000000100003ac                iap_entry
                0x00000000100003b0                _end_bss = .
                0x00000000100003b0                _end = .
                0x00000000100003b0                PROVIDE (end, .)
OUTPUT(apps/base/ws2812b/ws2812b.elf elf32-littlearm)

.debug_info     0x0000000000000000     0x897f
 .debug_info    0x0000000000000000      0xaf3 objs/core/watchdog.o
 .debug_info    0x0000000000000af3      0x646 objs/core/rom_helpers.o
 .debug_info    0x0000000000001139      0x56c objs/core/pio.o
 .debug_info    0x00000000000016a5      0x7d3 objs/core/system.o
 .debug_info    0x0000000000001e78      0x107 objs/core/bootstrap.o
 .debug_info    0x0000000000001f7f      0x1e8 objs/core/fault_handlers.o
 .debug_info    0x0000000000002167      0x938 objs/core/systick.o
 .debug_info    0x0000000000002a9f      0x3da objs/extdrv/status_led.o
 .debug_info    0x0000000000002e79      0x4c5 objs/extdrv/ws2812.o
 .debug_info    0x000000000000333e      0xd14 objs/drivers/ssp.o
 .debug_info    0x0000000000004052      0x6a3 objs/drivers/gpio.o
 .debug_info    0x00000000000046f5     0x110c objs/drivers/serial.o
 .debug_info    0x0000000000005801      0x7dc objs/drivers/timers.o
 .debug_info    0x0000000000005fdd      0xb44 objs/drivers/rtc.o
 .debug_info    0x0000000000006b21      0x70f objs/drivers/i2c.o
 .debug_info    0x0000000000007230      0x8d6 objs/drivers/adc.o
 .debug_info    0x0000000000007b06      0x3f1 objs/lib/string.o
 .debug_info    0x0000000000007ef7      0xa88 objs/apps/base/ws2812b/main.o

.debug_abbrev   0x0000000000000000     0x2ae0
 .debug_abbrev  0x0000000000000000      0x2d9 objs/core/watchdog.o
 .debug_abbrev  0x00000000000002d9      0x1ab objs/core/rom_helpers.o
 .debug_abbrev  0x0000000000000484      0x161 objs/core/pio.o
 .debug_abbrev  0x00000000000005e5      0x25f objs/core/system.o
 .debug_abbrev  0x0000000000000844       0xdc objs/core/bootstrap.o
 .debug_abbrev  0x0000000000000920       0xb3 objs/core/fault_handlers.o
 .debug_abbrev  0x00000000000009d3      0x3c3 objs/core/systick.o
 .debug_abbrev  0x0000000000000d96      0x1cb objs/extdrv/status_led.o
 .debug_abbrev  0x0000000000000f61      0x20d objs/extdrv/ws2812.o
 .debug_abbrev  0x000000000000116e      0x379 objs/drivers/ssp.o
 .debug_abbrev  0x00000000000014e7      0x280 objs/drivers/gpio.o
 .debug_abbrev  0x0000000000001767      0x437 objs/drivers/serial.o
 .debug_abbrev  0x0000000000001b9e      0x306 objs/drivers/timers.o
 .debug_abbrev  0x0000000000001ea4      0x341 objs/drivers/rtc.o
 .debug_abbrev  0x00000000000021e5      0x2df objs/drivers/i2c.o
 .debug_abbrev  0x00000000000024c4      0x297 objs/drivers/adc.o
 .debug_abbrev  0x000000000000275b      0x16a objs/lib/string.o
 .debug_abbrev  0x00000000000028c5      0x21b objs/apps/base/ws2812b/main.o

.debug_loc      0x0000000000000000     0x414b
 .debug_loc     0x0000000000000000      0x14b objs/core/watchdog.o
 .debug_loc     0x000000000000014b      0x2bd objs/core/rom_helpers.o
 .debug_loc     0x0000000000000408       0xf0 objs/core/pio.o
 .debug_loc     0x00000000000004f8      0x20d objs/core/system.o
 .debug_loc     0x0000000000000705      0x4d5 objs/core/systick.o
 .debug_loc     0x0000000000000bda      0x262 objs/extdrv/status_led.o
 .debug_loc     0x0000000000000e3c      0x210 objs/extdrv/ws2812.o
 .debug_loc     0x000000000000104c      0x7cb objs/drivers/ssp.o
 .debug_loc     0x0000000000001817      0x3f3 objs/drivers/gpio.o
 .debug_loc     0x0000000000001c0a      0xb66 objs/drivers/serial.o
 .debug_loc     0x0000000000002770      0x67b objs/drivers/timers.o
 .debug_loc     0x0000000000002deb      0x2c3 objs/drivers/rtc.o
 .debug_loc     0x00000000000030ae      0x459 objs/drivers/i2c.o
 .debug_loc     0x0000000000003507      0x1e5 objs/drivers/adc.o
 .debug_loc     0x00000000000036ec      0x84f objs/lib/string.o
 .debug_loc     0x0000000000003f3b      0x210 objs/apps/base/ws2812b/main.o

.debug_aranges  0x0000000000000000      0x6e8
 .debug_aranges
                0x0000000000000000       0x78 objs/core/watchdog.o
 .debug_aranges
                0x0000000000000078       0x70 objs/core/rom_helpers.o
 .debug_aranges
                0x00000000000000e8       0x30 objs/core/pio.o
 .debug_aranges
                0x0000000000000118       0x80 objs/core/system.o
 .debug_aranges
                0x0000000000000198       0x28 objs/core/bootstrap.o
 .debug_aranges
                0x00000000000001c0       0x40 objs/core/fault_handlers.o
 .debug_aranges
                0x0000000000000200       0xa0 objs/core/systick.o
 .debug_aranges
                0x00000000000002a0       0x30 objs/extdrv/status_led.o
 .debug_aranges
                0x00000000000002d0       0x40 objs/extdrv/ws2812.o
 .debug_aranges
                0x0000000000000310       0x68 objs/drivers/ssp.o
 .debug_aranges
                0x0000000000000378       0x58 objs/drivers/gpio.o
 .debug_aranges
                0x00000000000003d0       0x88 objs/drivers/serial.o
 .debug_aranges
                0x0000000000000458       0x90 objs/drivers/timers.o
 .debug_aranges
                0x00000000000004e8       0x70 objs/drivers/rtc.o
 .debug_aranges
                0x0000000000000558       0x50 objs/drivers/i2c.o
 .debug_aranges
                0x00000000000005a8       0x58 objs/drivers/adc.o
 .debug_aranges
                0x0000000000000600       0x68 objs/lib/string.o
 .debug_aranges
                0x0000000000000668       0x80 objs/apps/base/ws2812b/main.o

.debug_ranges   0x0000000000000000      0xa08
 .debug_ranges  0x0000000000000000       0xe0 objs/core/watchdog.o
 .debug_ranges  0x00000000000000e0       0x60 objs/core/rom_helpers.o
 .debug_ranges  0x0000000000000140       0x20 objs/core/pio.o
 .debug_ranges  0x0000000000000160       0xd0 objs/core/system.o
 .debug_ranges  0x0000000000000230       0x18 objs/core/bootstrap.o
 .debug_ranges  0x0000000000000248       0x30 objs/core/fault_handlers.o
 .debug_ranges  0x0000000000000278      0x130 objs/core/systick.o
 .debug_ranges  0x00000000000003a8       0x20 objs/extdrv/status_led.o
 .debug_ranges  0x00000000000003c8       0x78 objs/extdrv/ws2812.o
 .debug_ranges  0x0000000000000440      0x120 objs/drivers/ssp.o
 .debug_ranges  0x0000000000000560       0x70 objs/drivers/gpio.o
 .debug_ranges  0x00000000000005d0      0x118 objs/drivers/serial.o
 .debug_ranges  0x00000000000006e8       0xa0 objs/drivers/timers.o
 .debug_ranges  0x0000000000000788       0x80 objs/drivers/rtc.o
 .debug_ranges  0x0000000000000808       0xa8 objs/drivers/i2c.o
 .debug_ranges  0x00000000000008b0       0x78 objs/drivers/adc.o
 .debug_ranges  0x0000000000000928       0x70 objs/lib/string.o
 .debug_ranges  0x0000000000000998       0x70 objs/apps/base/ws2812b/main.o

.debug_line     0x0000000000000000     0x24ab
 .debug_line    0x0000000000000000      0x2bb objs/core/watchdog.o
 .debug_line    0x00000000000002bb      0x1ec objs/core/rom_helpers.o
 .debug_line    0x00000000000004a7      0x101 objs/core/pio.o
 .debug_line    0x00000000000005a8      0x21e objs/core/system.o
 .debug_line    0x00000000000007c6       0x66 objs/core/bootstrap.o
 .debug_line    0x000000000000082c       0xc7 objs/core/fault_handlers.o
 .debug_line    0x00000000000008f3      0x331 objs/core/systick.o
 .debug_line    0x0000000000000c24      0x145 objs/extdrv/status_led.o
 .debug_line    0x0000000000000d69      0x1c1 objs/extdrv/ws2812.o
 .debug_line    0x0000000000000f2a      0x2d4 objs/drivers/ssp.o
 .debug_line    0x00000000000011fe      0x243 objs/drivers/gpio.o
 .debug_line    0x0000000000001441      0x325 objs/drivers/serial.o
 .debug_line    0x0000000000001766      0x2a4 objs/drivers/timers.o
 .debug_line    0x0000000000001a0a      0x1e8 objs/drivers/rtc.o
 .debug_line    0x0000000000001bf2      0x29f objs/drivers/i2c.o
 .debug_line    0x0000000000001e91      0x1bf objs/drivers/adc.o
 .debug_line    0x0000000000002050      0x184 objs/lib/string.o
 .debug_line    0x00000000000021d4      0x2d7 objs/apps/base/ws2812b/main.o

.debug_str      0x0000000000000000     0x2368
 .debug_str     0x0000000000000000      0x646 objs/core/watchdog.o
                                        0x694 (size before relaxing)
 .debug_str     0x0000000000000646      0x2d3 objs/core/rom_helpers.o
                                        0x45f (size before relaxing)
 .debug_str     0x0000000000000919      0x262 objs/core/pio.o
                                        0x3de (size before relaxing)
 .debug_str     0x0000000000000b7b      0x155 objs/core/system.o
                                        0x5f7 (size before relaxing)
 .debug_str     0x0000000000000cd0       0x7e objs/core/bootstrap.o
                                        0x15b (size before relaxing)
 .debug_str     0x0000000000000d4e       0x75 objs/core/fault_handlers.o
                                        0x1c6 (size before relaxing)
 .debug_str     0x0000000000000dc3      0x22e objs/core/systick.o
                                        0x4af (size before relaxing)
 .debug_str     0x0000000000000ff1      0x142 objs/extdrv/status_led.o
                                        0x2df (size before relaxing)
 .debug_str     0x0000000000001133       0xde objs/extdrv/ws2812.o
                                        0x31e (size before relaxing)
 .debug_str     0x0000000000001211      0x203 objs/drivers/ssp.o
                                        0x75c (size before relaxing)
 .debug_str     0x0000000000001414      0x119 objs/drivers/gpio.o
                                        0x400 (size before relaxing)
 .debug_str     0x000000000000152d      0x326 objs/drivers/serial.o
                                        0x8aa (size before relaxing)
 .debug_str     0x0000000000001853      0x256 objs/drivers/timers.o
                                        0x4d9 (size before relaxing)
 .debug_str     0x0000000000001aa9      0x170 objs/drivers/rtc.o
                                        0x70e (size before relaxing)
 .debug_str     0x0000000000001c19      0x298 objs/drivers/i2c.o
                                        0x509 (size before relaxing)
 .debug_str     0x0000000000001eb1      0x35b objs/drivers/adc.o
                                        0x853 (size before relaxing)
 .debug_str     0x000000000000220c       0x4f objs/lib/string.o
                                        0x1b7 (size before relaxing)
 .debug_str     0x000000000000225b      0x10d objs/apps/base/ws2812b/main.o
                                        0x4a7 (size before relaxing)

.comment        0x0000000000000000       0x38
 .comment       0x0000000000000000       0x38 objs/core/watchdog.o
                                         0x39 (size before relaxing)
 .comment       0x0000000000000038       0x39 objs/core/rom_helpers.o
 .comment       0x0000000000000038       0x39 objs/core/pio.o
 .comment       0x0000000000000038       0x39 objs/core/system.o
 .comment       0x0000000000000038       0x39 objs/core/bootstrap.o
 .comment       0x0000000000000038       0x39 objs/core/fault_handlers.o
 .comment       0x0000000000000038       0x39 objs/core/systick.o
 .comment       0x0000000000000038       0x39 objs/extdrv/status_led.o
 .comment       0x0000000000000038       0x39 objs/extdrv/ws2812.o
 .comment       0x0000000000000038       0x39 objs/drivers/ssp.o
 .comment       0x0000000000000038       0x39 objs/drivers/gpio.o
 .comment       0x0000000000000038       0x39 objs/drivers/serial.o
 .comment       0x0000000000000038       0x39 objs/drivers/timers.o
 .comment       0x0000000000000038       0x39 objs/drivers/rtc.o
 .comment       0x0000000000000038       0x39 objs/drivers/i2c.o
 .comment       0x0000000000000038       0x39 objs/drivers/adc.o
 .comment       0x0000000000000038       0x39 objs/lib/string.o
 .comment       0x0000000000000038       0x39 objs/apps/base/ws2812b/main.o

.ARM.attributes
                0x0000000000000000       0x31
 .ARM.attributes
                0x0000000000000000       0x31 objs/core/watchdog.o
 .ARM.attributes
                0x0000000000000031       0x31 objs/core/rom_helpers.o
 .ARM.attributes
                0x0000000000000062       0x31 objs/core/pio.o
 .ARM.attributes
                0x0000000000000093       0x31 objs/core/system.o
 .ARM.attributes
                0x00000000000000c4       0x31 objs/core/bootstrap.o
 .ARM.attributes
                0x00000000000000f5       0x31 objs/core/fault_handlers.o
 .ARM.attributes
                0x0000000000000126       0x31 objs/core/systick.o
 .ARM.attributes
                0x0000000000000157       0x31 objs/extdrv/status_led.o
 .ARM.attributes
                0x0000000000000188       0x31 objs/extdrv/ws2812.o
 .ARM.attributes
                0x00000000000001b9       0x31 objs/drivers/ssp.o
 .ARM.attributes
                0x00000000000001ea       0x31 objs/drivers/gpio.o
 .ARM.attributes
                0x000000000000021b       0x31 objs/drivers/serial.o
 .ARM.attributes
                0x000000000000024c       0x31 objs/drivers/timers.o
 .ARM.attributes
                0x000000000000027d       0x31 objs/drivers/rtc.o
 .ARM.attributes
                0x00000000000002ae       0x31 objs/drivers/i2c.o
 .ARM.attributes
                0x00000000000002df       0x31 objs/drivers/adc.o
 .ARM.attributes
                0x0000000000000310       0x31 objs/lib/string.o
 .ARM.attributes
                0x0000000000000341       0x31 objs/apps/base/ws2812b/main.o

.debug_frame    0x0000000000000000     0x1054
 .debug_frame   0x0000000000000000      0x100 objs/core/watchdog.o
 .debug_frame   0x0000000000000100      0x128 objs/core/rom_helpers.o
 .debug_frame   0x0000000000000228       0x54 objs/core/pio.o
 .debug_frame   0x000000000000027c       0xfc objs/core/system.o
 .debug_frame   0x0000000000000378       0x38 objs/core/bootstrap.o
 .debug_frame   0x00000000000003b0       0x80 objs/core/fault_handlers.o
 .debug_frame   0x0000000000000430      0x15c objs/core/systick.o
 .debug_frame   0x000000000000058c       0x60 objs/extdrv/status_led.o
 .debug_frame   0x00000000000005ec       0x9c objs/extdrv/ws2812.o
 .debug_frame   0x0000000000000688      0x120 objs/drivers/ssp.o
 .debug_frame   0x00000000000007a8      0x108 objs/drivers/gpio.o
 .debug_frame   0x00000000000008b0      0x184 objs/drivers/serial.o
 .debug_frame   0x0000000000000a34      0x158 objs/drivers/timers.o
 .debug_frame   0x0000000000000b8c      0x118 objs/drivers/rtc.o
 .debug_frame   0x0000000000000ca4       0xc8 objs/drivers/i2c.o
 .debug_frame   0x0000000000000d6c       0xc0 objs/drivers/adc.o
 .debug_frame   0x0000000000000e2c       0xe4 objs/lib/string.o
 .debug_frame   0x0000000000000f10      0x144 objs/apps/base/ws2812b/main.o
